Analysis & Synthesis report for prueba1
Fri May 17 18:42:47 2019
Quartus II 64-Bit Version 13.0.1 Build 232 06/12/2013 Service Pack 1 SJ Web Edition


---------------------
; Table of Contents ;
---------------------
  1. Legal Notice
  2. Analysis & Synthesis Summary
  3. Analysis & Synthesis Settings
  4. Parallel Compilation
  5. Analysis & Synthesis Source Files Read
  6. Analysis & Synthesis Resource Usage Summary
  7. Analysis & Synthesis Resource Utilization by Entity
  8. User-Specified and Inferred Latches
  9. Registers Removed During Synthesis
 10. General Register Statistics
 11. Multiplexer Restructuring Statistics (Restructuring Performed)
 12. Parameter Settings for Inferred Entity Instance: Alu:aAlu|lpm_divide:Mod0
 13. Parameter Settings for Inferred Entity Instance: Alu:aAlu|lpm_divide:Div0
 14. Parameter Settings for Inferred Entity Instance: Alu:aAlu|lpm_mult:Mult0
 15. lpm_mult Parameter Settings by Entity Instance
 16. Port Connectivity Checks: "Alu:aAlu"
 17. Port Connectivity Checks: "MuxAluSrcB:aMuxAluSrcB"
 18. Port Connectivity Checks: "MuxSrcA:MuxAluSrcA"
 19. Port Connectivity Checks: "Registro:regAluOut"
 20. Port Connectivity Checks: "Registro:regB"
 21. Port Connectivity Checks: "Registro:regA"
 22. Elapsed Time Per Partition
 23. Analysis & Synthesis Messages



----------------
; Legal Notice ;
----------------
Copyright (C) 1991-2013 Altera Corporation
Your use of Altera Corporation's design tools, logic functions 
and other software and tools, and its AMPP partner logic 
functions, and any output files from any of the foregoing 
(including device programming or simulation files), and any 
associated documentation or information are expressly subject 
to the terms and conditions of the Altera Program License 
Subscription Agreement, Altera MegaCore Function License 
Agreement, or other applicable license agreement, including, 
without limitation, that your use is for the sole purpose of 
programming logic devices manufactured by Altera and sold by 
Altera or its authorized distributors.  Please refer to the 
applicable agreement for further details.



+--------------------------------------------------------------------------------------+
; Analysis & Synthesis Summary                                                         ;
+------------------------------------+-------------------------------------------------+
; Analysis & Synthesis Status        ; Successful - Fri May 17 18:42:47 2019           ;
; Quartus II 64-Bit Version          ; 13.0.1 Build 232 06/12/2013 SP 1 SJ Web Edition ;
; Revision Name                      ; prueba1                                         ;
; Top-level Entity Name              ; prueba1                                         ;
; Family                             ; Cyclone II                                      ;
; Total logic elements               ; 3,007                                           ;
;     Total combinational functions  ; 3,007                                           ;
;     Dedicated logic registers      ; 16                                              ;
; Total registers                    ; 16                                              ;
; Total pins                         ; 23                                              ;
; Total virtual pins                 ; 0                                               ;
; Total memory bits                  ; 0                                               ;
; Embedded Multiplier 9-bit elements ; 0                                               ;
; Total PLLs                         ; 0                                               ;
+------------------------------------+-------------------------------------------------+


+----------------------------------------------------------------------------------------------------------------------+
; Analysis & Synthesis Settings                                                                                        ;
+----------------------------------------------------------------------------+--------------------+--------------------+
; Option                                                                     ; Setting            ; Default Value      ;
+----------------------------------------------------------------------------+--------------------+--------------------+
; Device                                                                     ; EP2C20F484C7       ;                    ;
; Top-level entity name                                                      ; prueba1            ; prueba1            ;
; Family name                                                                ; Cyclone II         ; Cyclone IV GX      ;
; Use smart compilation                                                      ; Off                ; Off                ;
; Enable parallel Assembler and TimeQuest Timing Analyzer during compilation ; On                 ; On                 ;
; Enable compact report table                                                ; Off                ; Off                ;
; Restructure Multiplexers                                                   ; Auto               ; Auto               ;
; Create Debugging Nodes for IP Cores                                        ; Off                ; Off                ;
; Preserve fewer node names                                                  ; On                 ; On                 ;
; Disable OpenCore Plus hardware evaluation                                  ; Off                ; Off                ;
; Verilog Version                                                            ; Verilog_2001       ; Verilog_2001       ;
; VHDL Version                                                               ; VHDL_1993          ; VHDL_1993          ;
; State Machine Processing                                                   ; Auto               ; Auto               ;
; Safe State Machine                                                         ; Off                ; Off                ;
; Extract Verilog State Machines                                             ; On                 ; On                 ;
; Extract VHDL State Machines                                                ; On                 ; On                 ;
; Ignore Verilog initial constructs                                          ; Off                ; Off                ;
; Iteration limit for constant Verilog loops                                 ; 5000               ; 5000               ;
; Iteration limit for non-constant Verilog loops                             ; 250                ; 250                ;
; Add Pass-Through Logic to Inferred RAMs                                    ; On                 ; On                 ;
; Infer RAMs from Raw Logic                                                  ; On                 ; On                 ;
; Parallel Synthesis                                                         ; On                 ; On                 ;
; DSP Block Balancing                                                        ; Auto               ; Auto               ;
; NOT Gate Push-Back                                                         ; On                 ; On                 ;
; Power-Up Don't Care                                                        ; On                 ; On                 ;
; Remove Redundant Logic Cells                                               ; Off                ; Off                ;
; Remove Duplicate Registers                                                 ; On                 ; On                 ;
; Ignore CARRY Buffers                                                       ; Off                ; Off                ;
; Ignore CASCADE Buffers                                                     ; Off                ; Off                ;
; Ignore GLOBAL Buffers                                                      ; Off                ; Off                ;
; Ignore ROW GLOBAL Buffers                                                  ; Off                ; Off                ;
; Ignore LCELL Buffers                                                       ; Off                ; Off                ;
; Ignore SOFT Buffers                                                        ; On                 ; On                 ;
; Limit AHDL Integers to 32 Bits                                             ; Off                ; Off                ;
; Optimization Technique                                                     ; Balanced           ; Balanced           ;
; Carry Chain Length                                                         ; 70                 ; 70                 ;
; Auto Carry Chains                                                          ; On                 ; On                 ;
; Auto Open-Drain Pins                                                       ; On                 ; On                 ;
; Perform WYSIWYG Primitive Resynthesis                                      ; Off                ; Off                ;
; Auto ROM Replacement                                                       ; On                 ; On                 ;
; Auto RAM Replacement                                                       ; On                 ; On                 ;
; Auto Shift Register Replacement                                            ; Auto               ; Auto               ;
; Allow Shift Register Merging across Hierarchies                            ; Auto               ; Auto               ;
; Auto Clock Enable Replacement                                              ; On                 ; On                 ;
; Strict RAM Replacement                                                     ; Off                ; Off                ;
; Allow Synchronous Control Signals                                          ; On                 ; On                 ;
; Force Use of Synchronous Clear Signals                                     ; Off                ; Off                ;
; Auto RAM to Logic Cell Conversion                                          ; Off                ; Off                ;
; Auto Resource Sharing                                                      ; Off                ; Off                ;
; Allow Any RAM Size For Recognition                                         ; Off                ; Off                ;
; Allow Any ROM Size For Recognition                                         ; Off                ; Off                ;
; Allow Any Shift Register Size For Recognition                              ; Off                ; Off                ;
; Use LogicLock Constraints during Resource Balancing                        ; On                 ; On                 ;
; Ignore translate_off and synthesis_off directives                          ; Off                ; Off                ;
; Timing-Driven Synthesis                                                    ; Off                ; Off                ;
; Report Parameter Settings                                                  ; On                 ; On                 ;
; Report Source Assignments                                                  ; On                 ; On                 ;
; Report Connectivity Checks                                                 ; On                 ; On                 ;
; Ignore Maximum Fan-Out Assignments                                         ; Off                ; Off                ;
; Synchronization Register Chain Length                                      ; 2                  ; 2                  ;
; PowerPlay Power Optimization                                               ; Normal compilation ; Normal compilation ;
; HDL message level                                                          ; Level2             ; Level2             ;
; Suppress Register Optimization Related Messages                            ; Off                ; Off                ;
; Number of Removed Registers Reported in Synthesis Report                   ; 5000               ; 5000               ;
; Number of Swept Nodes Reported in Synthesis Report                         ; 5000               ; 5000               ;
; Number of Inverted Registers Reported in Synthesis Report                  ; 100                ; 100                ;
; Clock MUX Protection                                                       ; On                 ; On                 ;
; Auto Gated Clock Conversion                                                ; Off                ; Off                ;
; Block Design Naming                                                        ; Auto               ; Auto               ;
; SDC constraint protection                                                  ; Off                ; Off                ;
; Synthesis Effort                                                           ; Auto               ; Auto               ;
; Shift Register Replacement - Allow Asynchronous Clear Signal               ; On                 ; On                 ;
; Pre-Mapping Resynthesis Optimization                                       ; Off                ; Off                ;
; Analysis & Synthesis Message Level                                         ; Medium             ; Medium             ;
; Disable Register Merging Across Hierarchies                                ; Auto               ; Auto               ;
; Resource Aware Inference For Block RAM                                     ; On                 ; On                 ;
; Synthesis Seed                                                             ; 1                  ; 1                  ;
+----------------------------------------------------------------------------+--------------------+--------------------+


Parallel compilation was disabled, but you have multiple processors available. Enable parallel compilation to reduce compilation time.
+-------------------------------------+
; Parallel Compilation                ;
+----------------------------+--------+
; Processors                 ; Number ;
+----------------------------+--------+
; Number detected on machine ; 8      ;
; Maximum allowed            ; 1      ;
+----------------------------+--------+


+-------------------------------------------------------------------------------------------------------------------------------------------------------------------------+
; Analysis & Synthesis Source Files Read                                                                                                                                  ;
+----------------------------------+-----------------+------------------------------+---------------------------------------------------------------------------+---------+
; File Name with User-Entered Path ; Used in Netlist ; File Type                    ; File Name with Absolute Path                                              ; Library ;
+----------------------------------+-----------------+------------------------------+---------------------------------------------------------------------------+---------+
; ../Alu/Alu.vhd                   ; yes             ; User VHDL File               ; D:/PUJ/8/Arq/ProyectoARQUI2/Alu/Alu.vhd                                   ;         ;
; ../AluSrcB/MuxAluSrcB.vhd        ; yes             ; User VHDL File               ; D:/PUJ/8/Arq/ProyectoARQUI2/AluSrcB/MuxAluSrcB.vhd                        ;         ;
; ../MuxAluSrcA/MuxSrcA.vhd        ; yes             ; User VHDL File               ; D:/PUJ/8/Arq/ProyectoARQUI2/MuxAluSrcA/MuxSrcA.vhd                        ;         ;
; ../Registros/Registro.vhd        ; yes             ; User VHDL File               ; D:/PUJ/8/Arq/ProyectoARQUI2/Registros/Registro.vhd                        ;         ;
; prueba1.vhd                      ; yes             ; User VHDL File               ; D:/PUJ/8/Arq/ProyectoARQUI2/Prueba1/prueba1.vhd                           ;         ;
; lpm_divide.tdf                   ; yes             ; Megafunction                 ; c:/altera/13.0sp1/quartus/libraries/megafunctions/lpm_divide.tdf          ;         ;
; abs_divider.inc                  ; yes             ; Megafunction                 ; c:/altera/13.0sp1/quartus/libraries/megafunctions/abs_divider.inc         ;         ;
; sign_div_unsign.inc              ; yes             ; Megafunction                 ; c:/altera/13.0sp1/quartus/libraries/megafunctions/sign_div_unsign.inc     ;         ;
; aglobal130.inc                   ; yes             ; Megafunction                 ; c:/altera/13.0sp1/quartus/libraries/megafunctions/aglobal130.inc          ;         ;
; db/lpm_divide_28m.tdf            ; yes             ; Auto-Generated Megafunction  ; D:/PUJ/8/Arq/ProyectoARQUI2/Prueba1/db/lpm_divide_28m.tdf                 ;         ;
; db/sign_div_unsign_9nh.tdf       ; yes             ; Auto-Generated Megafunction  ; D:/PUJ/8/Arq/ProyectoARQUI2/Prueba1/db/sign_div_unsign_9nh.tdf            ;         ;
; db/alt_u_div_k5f.tdf             ; yes             ; Auto-Generated Megafunction  ; D:/PUJ/8/Arq/ProyectoARQUI2/Prueba1/db/alt_u_div_k5f.tdf                  ;         ;
; db/add_sub_lkc.tdf               ; yes             ; Auto-Generated Megafunction  ; D:/PUJ/8/Arq/ProyectoARQUI2/Prueba1/db/add_sub_lkc.tdf                    ;         ;
; db/add_sub_mkc.tdf               ; yes             ; Auto-Generated Megafunction  ; D:/PUJ/8/Arq/ProyectoARQUI2/Prueba1/db/add_sub_mkc.tdf                    ;         ;
; db/lpm_divide_vfm.tdf            ; yes             ; Auto-Generated Megafunction  ; D:/PUJ/8/Arq/ProyectoARQUI2/Prueba1/db/lpm_divide_vfm.tdf                 ;         ;
; lpm_mult.tdf                     ; yes             ; Megafunction                 ; c:/altera/13.0sp1/quartus/libraries/megafunctions/lpm_mult.tdf            ;         ;
; lpm_add_sub.inc                  ; yes             ; Megafunction                 ; c:/altera/13.0sp1/quartus/libraries/megafunctions/lpm_add_sub.inc         ;         ;
; multcore.inc                     ; yes             ; Megafunction                 ; c:/altera/13.0sp1/quartus/libraries/megafunctions/multcore.inc            ;         ;
; bypassff.inc                     ; yes             ; Megafunction                 ; c:/altera/13.0sp1/quartus/libraries/megafunctions/bypassff.inc            ;         ;
; altshift.inc                     ; yes             ; Megafunction                 ; c:/altera/13.0sp1/quartus/libraries/megafunctions/altshift.inc            ;         ;
; multcore.tdf                     ; yes             ; Megafunction                 ; c:/altera/13.0sp1/quartus/libraries/megafunctions/multcore.tdf            ;         ;
; csa_add.inc                      ; yes             ; Megafunction                 ; c:/altera/13.0sp1/quartus/libraries/megafunctions/csa_add.inc             ;         ;
; mpar_add.inc                     ; yes             ; Megafunction                 ; c:/altera/13.0sp1/quartus/libraries/megafunctions/mpar_add.inc            ;         ;
; muleabz.inc                      ; yes             ; Megafunction                 ; c:/altera/13.0sp1/quartus/libraries/megafunctions/muleabz.inc             ;         ;
; mul_lfrg.inc                     ; yes             ; Megafunction                 ; c:/altera/13.0sp1/quartus/libraries/megafunctions/mul_lfrg.inc            ;         ;
; mul_boothc.inc                   ; yes             ; Megafunction                 ; c:/altera/13.0sp1/quartus/libraries/megafunctions/mul_boothc.inc          ;         ;
; alt_ded_mult.inc                 ; yes             ; Megafunction                 ; c:/altera/13.0sp1/quartus/libraries/megafunctions/alt_ded_mult.inc        ;         ;
; alt_ded_mult_y.inc               ; yes             ; Megafunction                 ; c:/altera/13.0sp1/quartus/libraries/megafunctions/alt_ded_mult_y.inc      ;         ;
; dffpipe.inc                      ; yes             ; Megafunction                 ; c:/altera/13.0sp1/quartus/libraries/megafunctions/dffpipe.inc             ;         ;
; mpar_add.tdf                     ; yes             ; Megafunction                 ; c:/altera/13.0sp1/quartus/libraries/megafunctions/mpar_add.tdf            ;         ;
; lpm_add_sub.tdf                  ; yes             ; Megafunction                 ; c:/altera/13.0sp1/quartus/libraries/megafunctions/lpm_add_sub.tdf         ;         ;
; addcore.inc                      ; yes             ; Megafunction                 ; c:/altera/13.0sp1/quartus/libraries/megafunctions/addcore.inc             ;         ;
; look_add.inc                     ; yes             ; Megafunction                 ; c:/altera/13.0sp1/quartus/libraries/megafunctions/look_add.inc            ;         ;
; alt_stratix_add_sub.inc          ; yes             ; Megafunction                 ; c:/altera/13.0sp1/quartus/libraries/megafunctions/alt_stratix_add_sub.inc ;         ;
; db/add_sub_17h.tdf               ; yes             ; Auto-Generated Megafunction  ; D:/PUJ/8/Arq/ProyectoARQUI2/Prueba1/db/add_sub_17h.tdf                    ;         ;
; db/add_sub_27h.tdf               ; yes             ; Auto-Generated Megafunction  ; D:/PUJ/8/Arq/ProyectoARQUI2/Prueba1/db/add_sub_27h.tdf                    ;         ;
; altshift.tdf                     ; yes             ; Megafunction                 ; c:/altera/13.0sp1/quartus/libraries/megafunctions/altshift.tdf            ;         ;
+----------------------------------+-----------------+------------------------------+---------------------------------------------------------------------------+---------+


+-------------------------------------------------------+
; Analysis & Synthesis Resource Usage Summary           ;
+---------------------------------------------+---------+
; Resource                                    ; Usage   ;
+---------------------------------------------+---------+
; Estimated Total logic elements              ; 3,007   ;
;                                             ;         ;
; Total combinational functions               ; 3007    ;
; Logic element usage by number of LUT inputs ;         ;
;     -- 4 input functions                    ; 920     ;
;     -- 3 input functions                    ; 1145    ;
;     -- <=2 input functions                  ; 942     ;
;                                             ;         ;
; Logic elements by mode                      ;         ;
;     -- normal mode                          ; 1951    ;
;     -- arithmetic mode                      ; 1056    ;
;                                             ;         ;
; Total registers                             ; 16      ;
;     -- Dedicated logic registers            ; 16      ;
;     -- I/O registers                        ; 0       ;
;                                             ;         ;
; I/O pins                                    ; 23      ;
; Embedded Multiplier 9-bit elements          ; 0       ;
; Maximum fan-out node                        ; muxB[0] ;
; Maximum fan-out                             ; 198     ;
; Total fan-out                               ; 8920    ;
; Average fan-out                             ; 2.93    ;
+---------------------------------------------+---------+


+-------------------------------------------------------------------------------------------------------------------------------------------------------------------------------------------------------------------------------------------------------------------------------------------------------------------------+
; Analysis & Synthesis Resource Utilization by Entity                                                                                                                                                                                                                                                                     ;
+---------------------------------------------------+-------------------+--------------+-------------+--------------+---------+-----------+------+--------------+------------------------------------------------------------------------------------------------------------------------------------------+--------------+
; Compilation Hierarchy Node                        ; LC Combinationals ; LC Registers ; Memory Bits ; DSP Elements ; DSP 9x9 ; DSP 18x18 ; Pins ; Virtual Pins ; Full Hierarchy Name                                                                                                                      ; Library Name ;
+---------------------------------------------------+-------------------+--------------+-------------+--------------+---------+-----------+------+--------------+------------------------------------------------------------------------------------------------------------------------------------------+--------------+
; |prueba1                                          ; 3007 (1)          ; 16 (0)       ; 0           ; 0            ; 0       ; 0         ; 23   ; 0            ; |prueba1                                                                                                                                 ; work         ;
;    |Alu:aAlu|                                     ; 3006 (81)         ; 0 (0)        ; 0           ; 0            ; 0       ; 0         ; 0    ; 0            ; |prueba1|Alu:aAlu                                                                                                                        ; work         ;
;       |lpm_divide:Div0|                           ; 1454 (0)          ; 0 (0)        ; 0           ; 0            ; 0       ; 0         ; 0    ; 0            ; |prueba1|Alu:aAlu|lpm_divide:Div0                                                                                                        ; work         ;
;          |lpm_divide_vfm:auto_generated|          ; 1454 (0)          ; 0 (0)        ; 0           ; 0            ; 0       ; 0         ; 0    ; 0            ; |prueba1|Alu:aAlu|lpm_divide:Div0|lpm_divide_vfm:auto_generated                                                                          ; work         ;
;             |sign_div_unsign_9nh:divider|         ; 1454 (0)          ; 0 (0)        ; 0           ; 0            ; 0       ; 0         ; 0    ; 0            ; |prueba1|Alu:aAlu|lpm_divide:Div0|lpm_divide_vfm:auto_generated|sign_div_unsign_9nh:divider                                              ; work         ;
;                |alt_u_div_k5f:divider|            ; 1454 (1454)       ; 0 (0)        ; 0           ; 0            ; 0       ; 0         ; 0    ; 0            ; |prueba1|Alu:aAlu|lpm_divide:Div0|lpm_divide_vfm:auto_generated|sign_div_unsign_9nh:divider|alt_u_div_k5f:divider                        ; work         ;
;       |lpm_divide:Mod0|                           ; 1454 (0)          ; 0 (0)        ; 0           ; 0            ; 0       ; 0         ; 0    ; 0            ; |prueba1|Alu:aAlu|lpm_divide:Mod0                                                                                                        ; work         ;
;          |lpm_divide_28m:auto_generated|          ; 1454 (0)          ; 0 (0)        ; 0           ; 0            ; 0       ; 0         ; 0    ; 0            ; |prueba1|Alu:aAlu|lpm_divide:Mod0|lpm_divide_28m:auto_generated                                                                          ; work         ;
;             |sign_div_unsign_9nh:divider|         ; 1454 (0)          ; 0 (0)        ; 0           ; 0            ; 0       ; 0         ; 0    ; 0            ; |prueba1|Alu:aAlu|lpm_divide:Mod0|lpm_divide_28m:auto_generated|sign_div_unsign_9nh:divider                                              ; work         ;
;                |alt_u_div_k5f:divider|            ; 1454 (1454)       ; 0 (0)        ; 0           ; 0            ; 0       ; 0         ; 0    ; 0            ; |prueba1|Alu:aAlu|lpm_divide:Mod0|lpm_divide_28m:auto_generated|sign_div_unsign_9nh:divider|alt_u_div_k5f:divider                        ; work         ;
;       |lpm_mult:Mult0|                            ; 17 (0)            ; 0 (0)        ; 0           ; 0            ; 0       ; 0         ; 0    ; 0            ; |prueba1|Alu:aAlu|lpm_mult:Mult0                                                                                                         ; work         ;
;          |multcore:mult_core|                     ; 17 (6)            ; 0 (0)        ; 0           ; 0            ; 0       ; 0         ; 0    ; 0            ; |prueba1|Alu:aAlu|lpm_mult:Mult0|multcore:mult_core                                                                                      ; work         ;
;             |mpar_add:padder|                     ; 11 (0)            ; 0 (0)        ; 0           ; 0            ; 0       ; 0         ; 0    ; 0            ; |prueba1|Alu:aAlu|lpm_mult:Mult0|multcore:mult_core|mpar_add:padder                                                                      ; work         ;
;                |lpm_add_sub:adder[0]|             ; 6 (0)             ; 0 (0)        ; 0           ; 0            ; 0       ; 0         ; 0    ; 0            ; |prueba1|Alu:aAlu|lpm_mult:Mult0|multcore:mult_core|mpar_add:padder|lpm_add_sub:adder[0]                                                 ; work         ;
;                   |add_sub_17h:auto_generated|    ; 6 (6)             ; 0 (0)        ; 0           ; 0            ; 0       ; 0         ; 0    ; 0            ; |prueba1|Alu:aAlu|lpm_mult:Mult0|multcore:mult_core|mpar_add:padder|lpm_add_sub:adder[0]|add_sub_17h:auto_generated                      ; work         ;
;                |mpar_add:sub_par_add|             ; 5 (0)             ; 0 (0)        ; 0           ; 0            ; 0       ; 0         ; 0    ; 0            ; |prueba1|Alu:aAlu|lpm_mult:Mult0|multcore:mult_core|mpar_add:padder|mpar_add:sub_par_add                                                 ; work         ;
;                   |lpm_add_sub:adder[0]|          ; 5 (0)             ; 0 (0)        ; 0           ; 0            ; 0       ; 0         ; 0    ; 0            ; |prueba1|Alu:aAlu|lpm_mult:Mult0|multcore:mult_core|mpar_add:padder|mpar_add:sub_par_add|lpm_add_sub:adder[0]                            ; work         ;
;                      |add_sub_27h:auto_generated| ; 5 (5)             ; 0 (0)        ; 0           ; 0            ; 0       ; 0         ; 0    ; 0            ; |prueba1|Alu:aAlu|lpm_mult:Mult0|multcore:mult_core|mpar_add:padder|mpar_add:sub_par_add|lpm_add_sub:adder[0]|add_sub_27h:auto_generated ; work         ;
;    |Registro:regAluOut|                           ; 0 (0)             ; 16 (16)      ; 0           ; 0            ; 0       ; 0         ; 0    ; 0            ; |prueba1|Registro:regAluOut                                                                                                              ; work         ;
+---------------------------------------------------+-------------------+--------------+-------------+--------------+---------+-----------+------+--------------+------------------------------------------------------------------------------------------------------------------------------------------+--------------+
Note: For table entries with two numbers listed, the numbers in parentheses indicate the number of resources of the given type used by the specific entity alone. The numbers listed outside of parentheses indicate the total resources of the given type used by the specific entity and all of its sub-entities in the hierarchy.


+----------------------------------------------------------------------------------------------------+
; User-Specified and Inferred Latches                                                                ;
+-----------------------------------------------------+---------------------+------------------------+
; Latch Name                                          ; Latch Enable Signal ; Free of Timing Hazards ;
+-----------------------------------------------------+---------------------+------------------------+
; Alu:aAlu|res[0]                                     ; Alu:aAlu|Mux66      ; yes                    ;
; Alu:aAlu|res[1]                                     ; Alu:aAlu|Mux66      ; yes                    ;
; Alu:aAlu|res[2]                                     ; Alu:aAlu|Mux66      ; yes                    ;
; Alu:aAlu|res[3]                                     ; Alu:aAlu|Mux66      ; yes                    ;
; Alu:aAlu|res[4]                                     ; Alu:aAlu|Mux66      ; yes                    ;
; Alu:aAlu|res[5]                                     ; Alu:aAlu|Mux66      ; yes                    ;
; Alu:aAlu|res[6]                                     ; Alu:aAlu|Mux66      ; yes                    ;
; Alu:aAlu|res[7]                                     ; Alu:aAlu|Mux66      ; yes                    ;
; Alu:aAlu|res[8]                                     ; Alu:aAlu|Mux66      ; yes                    ;
; Alu:aAlu|res[9]                                     ; Alu:aAlu|Mux66      ; yes                    ;
; Alu:aAlu|res[10]                                    ; Alu:aAlu|Mux66      ; yes                    ;
; Alu:aAlu|res[11]                                    ; Alu:aAlu|Mux66      ; yes                    ;
; Alu:aAlu|res[12]                                    ; Alu:aAlu|Mux66      ; yes                    ;
; Alu:aAlu|res[13]                                    ; Alu:aAlu|Mux66      ; yes                    ;
; Alu:aAlu|res[14]                                    ; Alu:aAlu|Mux66      ; yes                    ;
; Alu:aAlu|res[15]                                    ; Alu:aAlu|Mux66      ; yes                    ;
; Alu:aAlu|tmp[1]                                     ; Alu:aAlu|Mux2       ; yes                    ;
; Alu:aAlu|tmp[2]                                     ; Alu:aAlu|Mux2       ; yes                    ;
; Alu:aAlu|tmp[3]                                     ; Alu:aAlu|Mux2       ; yes                    ;
; Alu:aAlu|tmp[4]                                     ; Alu:aAlu|Mux2       ; yes                    ;
; Alu:aAlu|tmp[5]                                     ; Alu:aAlu|Mux2       ; yes                    ;
; Alu:aAlu|tmp[6]                                     ; Alu:aAlu|Mux2       ; yes                    ;
; Number of user-specified and inferred latches = 22  ;                     ;                        ;
+-----------------------------------------------------+---------------------+------------------------+
Note: All latches listed above may not be present at the end of synthesis due to various synthesis optimizations.


+---------------------------------------------------------------------------------+
; Registers Removed During Synthesis                                              ;
+----------------------------------------+----------------------------------------+
; Register name                          ; Reason for Removal                     ;
+----------------------------------------+----------------------------------------+
; Registro:regB|temp[0]                  ; Stuck at GND due to stuck port data_in ;
; Registro:regB|temp[1]                  ; Stuck at VCC due to stuck port data_in ;
; Registro:regB|temp[2]                  ; Stuck at GND due to stuck port data_in ;
; Registro:regB|temp[3]                  ; Stuck at VCC due to stuck port data_in ;
; Registro:regB|temp[4..31]              ; Stuck at GND due to stuck port data_in ;
; Registro:regA|temp[0]                  ; Stuck at GND due to stuck port data_in ;
; Registro:regA|temp[1]                  ; Stuck at VCC due to stuck port data_in ;
; Registro:regA|temp[2..31]              ; Stuck at GND due to stuck port data_in ;
; Total Number of Removed Registers = 64 ;                                        ;
+----------------------------------------+----------------------------------------+


+------------------------------------------------------+
; General Register Statistics                          ;
+----------------------------------------------+-------+
; Statistic                                    ; Value ;
+----------------------------------------------+-------+
; Total registers                              ; 16    ;
; Number of registers using Synchronous Clear  ; 0     ;
; Number of registers using Synchronous Load   ; 0     ;
; Number of registers using Asynchronous Clear ; 0     ;
; Number of registers using Asynchronous Load  ; 0     ;
; Number of registers using Clock Enable       ; 0     ;
; Number of registers using Preset             ; 0     ;
+----------------------------------------------+-------+


+------------------------------------------------------------------------------------------------------------------------------------------+
; Multiplexer Restructuring Statistics (Restructuring Performed)                                                                           ;
+--------------------+-----------+---------------+----------------------+------------------------+------------+----------------------------+
; Multiplexer Inputs ; Bus Width ; Baseline Area ; Area if Restructured ; Saving if Restructured ; Registered ; Example Multiplexer Output ;
+--------------------+-----------+---------------+----------------------+------------------------+------------+----------------------------+
; 1:1                ; 6 bits    ; 0 LEs         ; 0 LEs                ; 0 LEs                  ; No         ; |prueba1|Alu:aAlu|Mux23    ;
; 5:1                ; 5 bits    ; 15 LEs        ; 15 LEs               ; 0 LEs                  ; No         ; |prueba1|Alu:aAlu|Mux35    ;
; 4:1                ; 11 bits   ; 22 LEs        ; 22 LEs               ; 0 LEs                  ; No         ; |prueba1|Alu:aAlu|Mux39    ;
+--------------------+-----------+---------------+----------------------+------------------------+------------+----------------------------+


+---------------------------------------------------------------------------+
; Parameter Settings for Inferred Entity Instance: Alu:aAlu|lpm_divide:Mod0 ;
+------------------------+----------------+---------------------------------+
; Parameter Name         ; Value          ; Type                            ;
+------------------------+----------------+---------------------------------+
; LPM_WIDTHN             ; 32             ; Untyped                         ;
; LPM_WIDTHD             ; 32             ; Untyped                         ;
; LPM_NREPRESENTATION    ; UNSIGNED       ; Untyped                         ;
; LPM_DREPRESENTATION    ; UNSIGNED       ; Untyped                         ;
; LPM_PIPELINE           ; 0              ; Untyped                         ;
; LPM_REMAINDERPOSITIVE  ; TRUE           ; Untyped                         ;
; MAXIMIZE_SPEED         ; 5              ; Untyped                         ;
; CBXI_PARAMETER         ; lpm_divide_28m ; Untyped                         ;
; CARRY_CHAIN            ; MANUAL         ; Untyped                         ;
; OPTIMIZE_FOR_SPEED     ; 5              ; Untyped                         ;
; AUTO_CARRY_CHAINS      ; ON             ; AUTO_CARRY                      ;
; IGNORE_CARRY_BUFFERS   ; OFF            ; IGNORE_CARRY                    ;
; AUTO_CASCADE_CHAINS    ; ON             ; AUTO_CASCADE                    ;
; IGNORE_CASCADE_BUFFERS ; OFF            ; IGNORE_CASCADE                  ;
+------------------------+----------------+---------------------------------+
Note: In order to hide this table in the UI and the text report file, please set the "Show Parameter Settings in Synthesis Report" option in "Analysis and Synthesis Settings -> More Settings" to "Off".


+---------------------------------------------------------------------------+
; Parameter Settings for Inferred Entity Instance: Alu:aAlu|lpm_divide:Div0 ;
+------------------------+----------------+---------------------------------+
; Parameter Name         ; Value          ; Type                            ;
+------------------------+----------------+---------------------------------+
; LPM_WIDTHN             ; 32             ; Untyped                         ;
; LPM_WIDTHD             ; 32             ; Untyped                         ;
; LPM_NREPRESENTATION    ; UNSIGNED       ; Untyped                         ;
; LPM_DREPRESENTATION    ; UNSIGNED       ; Untyped                         ;
; LPM_PIPELINE           ; 0              ; Untyped                         ;
; LPM_REMAINDERPOSITIVE  ; TRUE           ; Untyped                         ;
; MAXIMIZE_SPEED         ; 5              ; Untyped                         ;
; CBXI_PARAMETER         ; lpm_divide_vfm ; Untyped                         ;
; CARRY_CHAIN            ; MANUAL         ; Untyped                         ;
; OPTIMIZE_FOR_SPEED     ; 5              ; Untyped                         ;
; AUTO_CARRY_CHAINS      ; ON             ; AUTO_CARRY                      ;
; IGNORE_CARRY_BUFFERS   ; OFF            ; IGNORE_CARRY                    ;
; AUTO_CASCADE_CHAINS    ; ON             ; AUTO_CASCADE                    ;
; IGNORE_CASCADE_BUFFERS ; OFF            ; IGNORE_CASCADE                  ;
+------------------------+----------------+---------------------------------+
Note: In order to hide this table in the UI and the text report file, please set the "Show Parameter Settings in Synthesis Report" option in "Analysis and Synthesis Settings -> More Settings" to "Off".


+-----------------------------------------------------------------------------------+
; Parameter Settings for Inferred Entity Instance: Alu:aAlu|lpm_mult:Mult0          ;
+------------------------------------------------+------------+---------------------+
; Parameter Name                                 ; Value      ; Type                ;
+------------------------------------------------+------------+---------------------+
; AUTO_CARRY_CHAINS                              ; ON         ; AUTO_CARRY          ;
; IGNORE_CARRY_BUFFERS                           ; OFF        ; IGNORE_CARRY        ;
; AUTO_CASCADE_CHAINS                            ; ON         ; AUTO_CASCADE        ;
; IGNORE_CASCADE_BUFFERS                         ; OFF        ; IGNORE_CASCADE      ;
; LPM_WIDTHA                                     ; 3          ; Untyped             ;
; LPM_WIDTHB                                     ; 4          ; Untyped             ;
; LPM_WIDTHP                                     ; 7          ; Untyped             ;
; LPM_WIDTHR                                     ; 7          ; Untyped             ;
; LPM_WIDTHS                                     ; 1          ; Untyped             ;
; LPM_REPRESENTATION                             ; UNSIGNED   ; Untyped             ;
; LPM_PIPELINE                                   ; 0          ; Untyped             ;
; LATENCY                                        ; 0          ; Untyped             ;
; INPUT_A_IS_CONSTANT                            ; NO         ; Untyped             ;
; INPUT_B_IS_CONSTANT                            ; NO         ; Untyped             ;
; USE_EAB                                        ; OFF        ; Untyped             ;
; MAXIMIZE_SPEED                                 ; 5          ; Untyped             ;
; DEVICE_FAMILY                                  ; Cyclone II ; Untyped             ;
; CARRY_CHAIN                                    ; MANUAL     ; Untyped             ;
; APEX20K_TECHNOLOGY_MAPPER                      ; LUT        ; TECH_MAPPER_APEX20K ;
; DEDICATED_MULTIPLIER_CIRCUITRY                 ; AUTO       ; Untyped             ;
; DEDICATED_MULTIPLIER_MIN_INPUT_WIDTH_FOR_AUTO  ; 0          ; Untyped             ;
; DEDICATED_MULTIPLIER_MIN_OUTPUT_WIDTH_FOR_AUTO ; 0          ; Untyped             ;
; CBXI_PARAMETER                                 ; NOTHING    ; Untyped             ;
; INPUT_A_FIXED_VALUE                            ; Bx         ; Untyped             ;
; INPUT_B_FIXED_VALUE                            ; Bx         ; Untyped             ;
; USE_AHDL_IMPLEMENTATION                        ; OFF        ; Untyped             ;
+------------------------------------------------+------------+---------------------+
Note: In order to hide this table in the UI and the text report file, please set the "Show Parameter Settings in Synthesis Report" option in "Analysis and Synthesis Settings -> More Settings" to "Off".


+-----------------------------------------------------------------+
; lpm_mult Parameter Settings by Entity Instance                  ;
+---------------------------------------+-------------------------+
; Name                                  ; Value                   ;
+---------------------------------------+-------------------------+
; Number of entity instances            ; 1                       ;
; Entity Instance                       ; Alu:aAlu|lpm_mult:Mult0 ;
;     -- LPM_WIDTHA                     ; 3                       ;
;     -- LPM_WIDTHB                     ; 4                       ;
;     -- LPM_WIDTHP                     ; 7                       ;
;     -- LPM_REPRESENTATION             ; UNSIGNED                ;
;     -- INPUT_A_IS_CONSTANT            ; NO                      ;
;     -- INPUT_B_IS_CONSTANT            ; NO                      ;
;     -- USE_EAB                        ; OFF                     ;
;     -- DEDICATED_MULTIPLIER_CIRCUITRY ; AUTO                    ;
;     -- INPUT_A_FIXED_VALUE            ; Bx                      ;
;     -- INPUT_B_FIXED_VALUE            ; Bx                      ;
+---------------------------------------+-------------------------+


+----------------------------------------------------------------------------------------------------------------+
; Port Connectivity Checks: "Alu:aAlu"                                                                           ;
+------+--------+----------+-------------------------------------------------------------------------------------+
; Port ; Type   ; Severity ; Details                                                                             ;
+------+--------+----------+-------------------------------------------------------------------------------------+
; br   ; Output ; Info     ; Connected to dangling logic. Logic that only feeds a dangling port will be removed. ;
+------+--------+----------+-------------------------------------------------------------------------------------+


+----------------------------------------------------+
; Port Connectivity Checks: "MuxAluSrcB:aMuxAluSrcB" ;
+-----------------+-------+----------+---------------+
; Port            ; Type  ; Severity ; Details       ;
+-----------------+-------+----------+---------------+
; entrada1[31..3] ; Input ; Info     ; Stuck at GND  ;
; entrada1[1..0]  ; Input ; Info     ; Stuck at GND  ;
; entrada1[2]     ; Input ; Info     ; Stuck at VCC  ;
; entrada2[1..0]  ; Input ; Info     ; Stuck at VCC  ;
; entrada2[31..4] ; Input ; Info     ; Stuck at GND  ;
; entrada2[3]     ; Input ; Info     ; Stuck at VCC  ;
; entrada2[2]     ; Input ; Info     ; Stuck at GND  ;
; entrada3[3..2]  ; Input ; Info     ; Stuck at VCC  ;
; entrada3[31..4] ; Input ; Info     ; Stuck at GND  ;
; entrada3[1..0]  ; Input ; Info     ; Stuck at GND  ;
+-----------------+-------+----------+---------------+


+---------------------------------------------------+
; Port Connectivity Checks: "MuxSrcA:MuxAluSrcA"    ;
+-----------------+-------+----------+--------------+
; Port            ; Type  ; Severity ; Details      ;
+-----------------+-------+----------+--------------+
; entrada1[2..1]  ; Input ; Info     ; Stuck at VCC ;
; entrada1[31..3] ; Input ; Info     ; Stuck at GND ;
; entrada1[0]     ; Input ; Info     ; Stuck at GND ;
+-----------------+-------+----------+--------------+


+--------------------------------------------------------------------------------------------------------------------------+
; Port Connectivity Checks: "Registro:regAluOut"                                                                           ;
+----------------+--------+----------+-------------------------------------------------------------------------------------+
; Port           ; Type   ; Severity ; Details                                                                             ;
+----------------+--------+----------+-------------------------------------------------------------------------------------+
; salida[31..16] ; Output ; Info     ; Connected to dangling logic. Logic that only feeds a dangling port will be removed. ;
+----------------+--------+----------+-------------------------------------------------------------------------------------+


+--------------------------------------------------+
; Port Connectivity Checks: "Registro:regB"        ;
+----------------+-------+----------+--------------+
; Port           ; Type  ; Severity ; Details      ;
+----------------+-------+----------+--------------+
; entrada[31..4] ; Input ; Info     ; Stuck at GND ;
; entrada[3]     ; Input ; Info     ; Stuck at VCC ;
; entrada[2]     ; Input ; Info     ; Stuck at GND ;
; entrada[1]     ; Input ; Info     ; Stuck at VCC ;
; entrada[0]     ; Input ; Info     ; Stuck at GND ;
+----------------+-------+----------+--------------+


+--------------------------------------------------+
; Port Connectivity Checks: "Registro:regA"        ;
+----------------+-------+----------+--------------+
; Port           ; Type  ; Severity ; Details      ;
+----------------+-------+----------+--------------+
; entrada[31..2] ; Input ; Info     ; Stuck at GND ;
; entrada[1]     ; Input ; Info     ; Stuck at VCC ;
; entrada[0]     ; Input ; Info     ; Stuck at GND ;
+----------------+-------+----------+--------------+


+-------------------------------+
; Elapsed Time Per Partition    ;
+----------------+--------------+
; Partition Name ; Elapsed Time ;
+----------------+--------------+
; Top            ; 00:00:08     ;
+----------------+--------------+


+-------------------------------+
; Analysis & Synthesis Messages ;
+-------------------------------+
Info: *******************************************************************
Info: Running Quartus II 64-Bit Analysis & Synthesis
    Info: Version 13.0.1 Build 232 06/12/2013 Service Pack 1 SJ Web Edition
    Info: Processing started: Fri May 17 18:42:36 2019
Info: Command: quartus_map --read_settings_files=on --write_settings_files=off prueba1 -c prueba1
Warning (20028): Parallel compilation is not licensed and has been disabled
Info (12021): Found 2 design units, including 1 entities, in source file /puj/8/arq/proyectoarqui2/shiftleft/shiftleft.vhd
    Info (12022): Found design unit 1: ShiftLeft-ShiftLeft_arc
    Info (12023): Found entity 1: ShiftLeft
Info (12021): Found 2 design units, including 1 entities, in source file /puj/8/arq/proyectoarqui2/alu/alu.vhd
    Info (12022): Found design unit 1: Alu-Alu_arc
    Info (12023): Found entity 1: Alu
Info (12021): Found 2 design units, including 1 entities, in source file /puj/8/arq/proyectoarqui2/alusrcb/muxalusrcb.vhd
    Info (12022): Found design unit 1: MuxAluSrcB-archMuxAluSrcB
    Info (12023): Found entity 1: MuxAluSrcB
Info (12021): Found 2 design units, including 1 entities, in source file /puj/8/arq/proyectoarqui2/muxalusrca/muxsrca.vhd
    Info (12022): Found design unit 1: MuxSrcA-archMuxScrA
    Info (12023): Found entity 1: MuxSrcA
Info (12021): Found 2 design units, including 1 entities, in source file /puj/8/arq/proyectoarqui2/registros/registro.vhd
    Info (12022): Found design unit 1: Registro-arch_Registro
    Info (12023): Found entity 1: Registro
Info (12021): Found 2 design units, including 1 entities, in source file prueba1.vhd
    Info (12022): Found design unit 1: prueba1-arch_prueba
    Info (12023): Found entity 1: prueba1
Info (12021): Found 2 design units, including 1 entities, in source file decoder.vhd
    Info (12022): Found design unit 1: Decoder-Decoder_arc
    Info (12023): Found entity 1: Decoder
Info (12127): Elaborating entity "prueba1" for the top level hierarchy
Warning (10036): Verilog HDL or VHDL warning at prueba1.vhd(81): object "sBrAlu" assigned a value but never read
Critical Warning (10920): VHDL Incomplete Partial Association warning at prueba1.vhd(111): port or argument "salida" has 16/32 unassociated elements
Info (12128): Elaborating entity "Registro" for hierarchy "Registro:regA"
Info (12128): Elaborating entity "MuxSrcA" for hierarchy "MuxSrcA:MuxAluSrcA"
Info (12128): Elaborating entity "MuxAluSrcB" for hierarchy "MuxAluSrcB:aMuxAluSrcB"
Info (12128): Elaborating entity "Alu" for hierarchy "Alu:aAlu"
Warning (10631): VHDL Process Statement warning at Alu.vhd(18): inferring latch(es) for signal or variable "res", which holds its previous value in one or more paths through the process
Warning (10631): VHDL Process Statement warning at Alu.vhd(18): inferring latch(es) for signal or variable "tmp", which holds its previous value in one or more paths through the process
Info (10041): Inferred latch for "tmp[0]" at Alu.vhd(18)
Info (10041): Inferred latch for "tmp[1]" at Alu.vhd(18)
Info (10041): Inferred latch for "tmp[2]" at Alu.vhd(18)
Info (10041): Inferred latch for "tmp[3]" at Alu.vhd(18)
Info (10041): Inferred latch for "tmp[4]" at Alu.vhd(18)
Info (10041): Inferred latch for "tmp[5]" at Alu.vhd(18)
Info (10041): Inferred latch for "tmp[6]" at Alu.vhd(18)
Info (10041): Inferred latch for "tmp[7]" at Alu.vhd(18)
Info (10041): Inferred latch for "tmp[8]" at Alu.vhd(18)
Info (10041): Inferred latch for "tmp[9]" at Alu.vhd(18)
Info (10041): Inferred latch for "tmp[10]" at Alu.vhd(18)
Info (10041): Inferred latch for "tmp[11]" at Alu.vhd(18)
Info (10041): Inferred latch for "tmp[12]" at Alu.vhd(18)
Info (10041): Inferred latch for "tmp[13]" at Alu.vhd(18)
Info (10041): Inferred latch for "tmp[14]" at Alu.vhd(18)
Info (10041): Inferred latch for "tmp[15]" at Alu.vhd(18)
Info (10041): Inferred latch for "tmp[16]" at Alu.vhd(18)
Info (10041): Inferred latch for "tmp[17]" at Alu.vhd(18)
Info (10041): Inferred latch for "tmp[18]" at Alu.vhd(18)
Info (10041): Inferred latch for "tmp[19]" at Alu.vhd(18)
Info (10041): Inferred latch for "tmp[20]" at Alu.vhd(18)
Info (10041): Inferred latch for "tmp[21]" at Alu.vhd(18)
Info (10041): Inferred latch for "tmp[22]" at Alu.vhd(18)
Info (10041): Inferred latch for "tmp[23]" at Alu.vhd(18)
Info (10041): Inferred latch for "tmp[24]" at Alu.vhd(18)
Info (10041): Inferred latch for "tmp[25]" at Alu.vhd(18)
Info (10041): Inferred latch for "tmp[26]" at Alu.vhd(18)
Info (10041): Inferred latch for "tmp[27]" at Alu.vhd(18)
Info (10041): Inferred latch for "tmp[28]" at Alu.vhd(18)
Info (10041): Inferred latch for "tmp[29]" at Alu.vhd(18)
Info (10041): Inferred latch for "tmp[30]" at Alu.vhd(18)
Info (10041): Inferred latch for "tmp[31]" at Alu.vhd(18)
Info (10041): Inferred latch for "res[0]" at Alu.vhd(18)
Info (10041): Inferred latch for "res[1]" at Alu.vhd(18)
Info (10041): Inferred latch for "res[2]" at Alu.vhd(18)
Info (10041): Inferred latch for "res[3]" at Alu.vhd(18)
Info (10041): Inferred latch for "res[4]" at Alu.vhd(18)
Info (10041): Inferred latch for "res[5]" at Alu.vhd(18)
Info (10041): Inferred latch for "res[6]" at Alu.vhd(18)
Info (10041): Inferred latch for "res[7]" at Alu.vhd(18)
Info (10041): Inferred latch for "res[8]" at Alu.vhd(18)
Info (10041): Inferred latch for "res[9]" at Alu.vhd(18)
Info (10041): Inferred latch for "res[10]" at Alu.vhd(18)
Info (10041): Inferred latch for "res[11]" at Alu.vhd(18)
Info (10041): Inferred latch for "res[12]" at Alu.vhd(18)
Info (10041): Inferred latch for "res[13]" at Alu.vhd(18)
Info (10041): Inferred latch for "res[14]" at Alu.vhd(18)
Info (10041): Inferred latch for "res[15]" at Alu.vhd(18)
Info (10041): Inferred latch for "res[16]" at Alu.vhd(18)
Info (10041): Inferred latch for "res[17]" at Alu.vhd(18)
Info (10041): Inferred latch for "res[18]" at Alu.vhd(18)
Info (10041): Inferred latch for "res[19]" at Alu.vhd(18)
Info (10041): Inferred latch for "res[20]" at Alu.vhd(18)
Info (10041): Inferred latch for "res[21]" at Alu.vhd(18)
Info (10041): Inferred latch for "res[22]" at Alu.vhd(18)
Info (10041): Inferred latch for "res[23]" at Alu.vhd(18)
Info (10041): Inferred latch for "res[24]" at Alu.vhd(18)
Info (10041): Inferred latch for "res[25]" at Alu.vhd(18)
Info (10041): Inferred latch for "res[26]" at Alu.vhd(18)
Info (10041): Inferred latch for "res[27]" at Alu.vhd(18)
Info (10041): Inferred latch for "res[28]" at Alu.vhd(18)
Info (10041): Inferred latch for "res[29]" at Alu.vhd(18)
Info (10041): Inferred latch for "res[30]" at Alu.vhd(18)
Info (10041): Inferred latch for "res[31]" at Alu.vhd(18)
Info (278001): Inferred 3 megafunctions from design logic
    Info (278004): Inferred divider/modulo megafunction ("lpm_divide") from the following logic: "Alu:aAlu|Mod0"
    Info (278004): Inferred divider/modulo megafunction ("lpm_divide") from the following logic: "Alu:aAlu|Div0"
    Info (278003): Inferred multiplier megafunction ("lpm_mult") from the following logic: "Alu:aAlu|Mult0"
Info (12130): Elaborated megafunction instantiation "Alu:aAlu|lpm_divide:Mod0"
Info (12133): Instantiated megafunction "Alu:aAlu|lpm_divide:Mod0" with the following parameter:
    Info (12134): Parameter "LPM_WIDTHN" = "32"
    Info (12134): Parameter "LPM_WIDTHD" = "32"
    Info (12134): Parameter "LPM_NREPRESENTATION" = "UNSIGNED"
    Info (12134): Parameter "LPM_DREPRESENTATION" = "UNSIGNED"
Info (12021): Found 1 design units, including 1 entities, in source file db/lpm_divide_28m.tdf
    Info (12023): Found entity 1: lpm_divide_28m
Info (12021): Found 1 design units, including 1 entities, in source file db/sign_div_unsign_9nh.tdf
    Info (12023): Found entity 1: sign_div_unsign_9nh
Info (12021): Found 1 design units, including 1 entities, in source file db/alt_u_div_k5f.tdf
    Info (12023): Found entity 1: alt_u_div_k5f
Info (12021): Found 1 design units, including 1 entities, in source file db/add_sub_lkc.tdf
    Info (12023): Found entity 1: add_sub_lkc
Info (12021): Found 1 design units, including 1 entities, in source file db/add_sub_mkc.tdf
    Info (12023): Found entity 1: add_sub_mkc
Info (12130): Elaborated megafunction instantiation "Alu:aAlu|lpm_divide:Div0"
Info (12133): Instantiated megafunction "Alu:aAlu|lpm_divide:Div0" with the following parameter:
    Info (12134): Parameter "LPM_WIDTHN" = "32"
    Info (12134): Parameter "LPM_WIDTHD" = "32"
    Info (12134): Parameter "LPM_NREPRESENTATION" = "UNSIGNED"
    Info (12134): Parameter "LPM_DREPRESENTATION" = "UNSIGNED"
Info (12021): Found 1 design units, including 1 entities, in source file db/lpm_divide_vfm.tdf
    Info (12023): Found entity 1: lpm_divide_vfm
Info (12130): Elaborated megafunction instantiation "Alu:aAlu|lpm_mult:Mult0"
Info (12133): Instantiated megafunction "Alu:aAlu|lpm_mult:Mult0" with the following parameter:
    Info (12134): Parameter "LPM_WIDTHA" = "3"
    Info (12134): Parameter "LPM_WIDTHB" = "4"
    Info (12134): Parameter "LPM_WIDTHP" = "7"
    Info (12134): Parameter "LPM_WIDTHR" = "7"
    Info (12134): Parameter "LPM_WIDTHS" = "1"
    Info (12134): Parameter "LPM_REPRESENTATION" = "UNSIGNED"
    Info (12134): Parameter "INPUT_A_IS_CONSTANT" = "NO"
    Info (12134): Parameter "INPUT_B_IS_CONSTANT" = "NO"
    Info (12134): Parameter "MAXIMIZE_SPEED" = "5"
Info (12131): Elaborated megafunction instantiation "Alu:aAlu|lpm_mult:Mult0|multcore:mult_core", which is child of megafunction instantiation "Alu:aAlu|lpm_mult:Mult0"
Info (12131): Elaborated megafunction instantiation "Alu:aAlu|lpm_mult:Mult0|multcore:mult_core|mpar_add:padder", which is child of megafunction instantiation "Alu:aAlu|lpm_mult:Mult0"
Info (12131): Elaborated megafunction instantiation "Alu:aAlu|lpm_mult:Mult0|multcore:mult_core|mpar_add:padder|lpm_add_sub:adder[0]", which is child of megafunction instantiation "Alu:aAlu|lpm_mult:Mult0"
Info (12021): Found 1 design units, including 1 entities, in source file db/add_sub_17h.tdf
    Info (12023): Found entity 1: add_sub_17h
Info (12131): Elaborated megafunction instantiation "Alu:aAlu|lpm_mult:Mult0|multcore:mult_core|mpar_add:padder|mpar_add:sub_par_add", which is child of megafunction instantiation "Alu:aAlu|lpm_mult:Mult0"
Info (12131): Elaborated megafunction instantiation "Alu:aAlu|lpm_mult:Mult0|multcore:mult_core|mpar_add:padder|mpar_add:sub_par_add|lpm_add_sub:adder[0]", which is child of megafunction instantiation "Alu:aAlu|lpm_mult:Mult0"
Info (12021): Found 1 design units, including 1 entities, in source file db/add_sub_27h.tdf
    Info (12023): Found entity 1: add_sub_27h
Info (12131): Elaborated megafunction instantiation "Alu:aAlu|lpm_mult:Mult0|altshift:external_latency_ffs", which is child of megafunction instantiation "Alu:aAlu|lpm_mult:Mult0"
Warning (13012): Latch Alu:aAlu|res[0] has unsafe behavior
    Warning (13013): Ports D and ENA on the latch are fed by the same signal ALUOp[2]
Warning (13012): Latch Alu:aAlu|res[1] has unsafe behavior
    Warning (13013): Ports D and ENA on the latch are fed by the same signal ALUOp[2]
Warning (13012): Latch Alu:aAlu|res[2] has unsafe behavior
    Warning (13013): Ports D and ENA on the latch are fed by the same signal ALUOp[2]
Warning (13012): Latch Alu:aAlu|res[3] has unsafe behavior
    Warning (13013): Ports D and ENA on the latch are fed by the same signal ALUOp[2]
Warning (13012): Latch Alu:aAlu|res[4] has unsafe behavior
    Warning (13013): Ports D and ENA on the latch are fed by the same signal ALUOp[2]
Warning (13012): Latch Alu:aAlu|res[5] has unsafe behavior
    Warning (13013): Ports D and ENA on the latch are fed by the same signal ALUOp[2]
Warning (13012): Latch Alu:aAlu|res[6] has unsafe behavior
    Warning (13013): Ports D and ENA on the latch are fed by the same signal ALUOp[1]
Warning (13012): Latch Alu:aAlu|res[7] has unsafe behavior
    Warning (13013): Ports D and ENA on the latch are fed by the same signal ALUOp[2]
Warning (13012): Latch Alu:aAlu|res[8] has unsafe behavior
    Warning (13013): Ports D and ENA on the latch are fed by the same signal ALUOp[2]
Warning (13012): Latch Alu:aAlu|res[9] has unsafe behavior
    Warning (13013): Ports D and ENA on the latch are fed by the same signal ALUOp[2]
Warning (13012): Latch Alu:aAlu|res[10] has unsafe behavior
    Warning (13013): Ports D and ENA on the latch are fed by the same signal ALUOp[2]
Warning (13012): Latch Alu:aAlu|res[11] has unsafe behavior
    Warning (13013): Ports D and ENA on the latch are fed by the same signal ALUOp[2]
Warning (13012): Latch Alu:aAlu|res[12] has unsafe behavior
    Warning (13013): Ports D and ENA on the latch are fed by the same signal ALUOp[2]
Warning (13012): Latch Alu:aAlu|res[13] has unsafe behavior
    Warning (13013): Ports D and ENA on the latch are fed by the same signal ALUOp[2]
Warning (13012): Latch Alu:aAlu|res[14] has unsafe behavior
    Warning (13013): Ports D and ENA on the latch are fed by the same signal ALUOp[2]
Warning (13012): Latch Alu:aAlu|res[15] has unsafe behavior
    Warning (13013): Ports D and ENA on the latch are fed by the same signal ALUOp[2]
Info (16010): Generating hard_block partition "hard_block:auto_generated_inst"
    Info (16011): Adding 0 node(s), including 0 DDIO, 0 PLL, 0 transceiver and 0 LCELL
Info (21057): Implemented 3046 device resources after synthesis - the final resource count might be different
    Info (21058): Implemented 7 input pins
    Info (21059): Implemented 16 output pins
    Info (21061): Implemented 3023 logic cells
Info: Quartus II 64-Bit Analysis & Synthesis was successful. 0 errors, 37 warnings
    Info: Peak virtual memory: 4708 megabytes
    Info: Processing ended: Fri May 17 18:42:47 2019
    Info: Elapsed time: 00:00:11
    Info: Total CPU time (on all processors): 00:00:11


