------------------------------------------------------------
TimeQuest Timing Analyzer Summary
------------------------------------------------------------

Type  : Slow Model Setup 'ALUOp[0]'
Slack : -2.386
TNS   : -18.074

Type  : Slow Model Setup 'clk'
Slack : -0.576
TNS   : -6.698

Type  : Slow Model Hold 'ALUOp[0]'
Slack : -0.289
TNS   : -1.610

Type  : Slow Model Hold 'clk'
Slack : 0.875
TNS   : 0.000

Type  : Slow Model Minimum Pulse Width 'ALUOp[0]'
Slack : -1.631
TNS   : -1.631

Type  : Slow Model Minimum Pulse Width 'clk'
Slack : -1.469
TNS   : -21.021

Type  : Fast Model Setup 'ALUOp[0]'
Slack : -0.180
TNS   : -0.404

Type  : Fast Model Setup 'clk'
Slack : 0.018
TNS   : 0.000

Type  : Fast Model Hold 'ALUOp[0]'
Slack : -0.674
TNS   : -9.028

Type  : Fast Model Hold 'clk'
Slack : 0.680
TNS   : 0.000

Type  : Fast Model Minimum Pulse Width 'ALUOp[0]'
Slack : -1.380
TNS   : -1.380

Type  : Fast Model Minimum Pulse Width 'clk'
Slack : -1.222
TNS   : -17.222

------------------------------------------------------------
